<html>
<body>
<pre>
<h1>礦ision Build Log</h1>
<h2>Tool Versions:</h2>
IDE-Version: μVision V5.28.0.0
Copyright (C) 2019 ARM Ltd and ARM Germany GmbH. All rights reserved.
License Information: a a, a, LIC=JL2Y8-3JNEJ-H8NFS-L3UIY-CPL19-88ZGQ
 
Tool Versions:
Toolchain:       MDK-ARM Plus  Version: 5.28.0.0
Toolchain Path:  D:\Program Files\IDE\Keil_v5\ARM\ARMCC\Bin
C Compiler:      Armcc.exe V5.06 update 6 (build 750)
Assembler:       Armasm.exe V5.06 update 6 (build 750)
Linker/Locator:  ArmLink.exe V5.06 update 6 (build 750)
Library Manager: ArmAr.exe V5.06 update 6 (build 750)
Hex Converter:   FromElf.exe V5.06 update 6 (build 750)
CPU DLL:         SARMCM3.DLL V5.28.0.0
Dialog DLL:      DCM.DLL V1.17.3.0
Target DLL:      STLink\ST-LINKIII-KEIL_SWO.dll V3.0.6.0
Dialog DLL:      TCM.DLL V1.36.2.0
 
<h2>Project:</h2>
E:\资料\工作档案\2020\工程\视觉识别小车\FreeRTOS\SMART_CAR\USER\FreeRTOS.uvprojx
Project File Date:  10/07/2020

<h2>Output:</h2>
*** Using Compiler 'V5.06 update 6 (build 750)', folder: 'D:\Program Files\IDE\Keil_v5\ARM\ARMCC\Bin'
Rebuild target 'FreeRTOS'
compiling led.c...
compiling stm32f4xx_it.c...
compiling beep.c...
compiling key.c...
compiling system_stm32f4xx.c...
compiling timer.c...
compiling main.c...
assembling startup_stm32f40_41xxx.s...
compiling sys.c...
compiling sram.c...
compiling misc.c...
compiling delay.c...
compiling stm32f4xx_gpio.c...
compiling usart.c...
compiling stm32f4xx_rcc.c...
compiling stm32f4xx_syscfg.c...
compiling malloc.c...
compiling stm32f4xx_usart.c...
compiling stm32f4xx_fsmc.c...
compiling croutine.c...
compiling stm32f4xx_tim.c...
compiling event_groups.c...
compiling list.c...
compiling port.c...
compiling timers.c...
compiling queue.c...
compiling heap_4.c...
compiling tasks.c...
linking...
Program Size: Code=14492 RO-data=460 RW-data=252 ZI-data=1198068  
FromELF: creating hex file...
"..\OBJ\LED.axf" - 0 Error(s), 0 Warning(s).

<h2>Software Packages used:</h2>

Package Vendor: Keil
                http://www.keil.com/pack/Keil.STM32F4xx_DFP.2.9.0.pack
                Keil.STM32F4xx_DFP.2.9.0
                STMicroelectronics STM32F4 Series Device Support, Drivers and Examples

<h2>Collection of Component include folders:</h2>
  .\RTE\_FreeRTOS
  D:\AppData\Local\Arm\Packs\Keil\STM32F4xx_DFP\2.9.0\Drivers\CMSIS\Device\ST\STM32F4xx\Include

<h2>Collection of Component Files used:</h2>
Build Time Elapsed:  00:00:22
</pre>
</body>
</html>
